// Jest Snapshot v1, https://goo.gl/fbAQLP

exports[`renders correctly 1`] = `
Array [
  <ul />,
  <input
    onChange={[Function]}
    value=""
  />,
  <button
    onClick={[Function]}
  >
    Add item
  </button>,
]
`;
